Archive member included to satisfy reference by file (symbol)

c:/program files (x86)/atmel/studio/7.0/toolchain/avr8/avr8-gnu-toolchain/bin/../lib/gcc/avr/5.4.0/avr5\libgcc.a(_exit.o)
                              C:/Program Files (x86)/Atmel/Studio/7.0/Packs/atmel/ATmega_DFP/1.3.300/gcc/dev/atmega32/avr5/crtatmega32.o (exit)

Discarded input sections

 .data          0x00000000        0x0 C:/Program Files (x86)/Atmel/Studio/7.0/Packs/atmel/ATmega_DFP/1.3.300/gcc/dev/atmega32/avr5/crtatmega32.o
 .bss           0x00000000        0x0 C:/Program Files (x86)/Atmel/Studio/7.0/Packs/atmel/ATmega_DFP/1.3.300/gcc/dev/atmega32/avr5/crtatmega32.o
 .text          0x00000000        0x0 HwAb/ComAb/ComAb.o
 .data          0x00000000        0x0 HwAb/ComAb/ComAb.o
 .bss           0x00000000        0x0 HwAb/ComAb/ComAb.o
 .debug_line    0x00000000        0x0 HwAb/ComAb/ComAb.o
 .debug_str     0x00000000      0x10c HwAb/ComAb/ComAb.o
 .comment       0x00000000       0x31 HwAb/ComAb/ComAb.o
 .text          0x00000000        0x0 HwAb/IoHwAb/IoHwAb.o
 .data          0x00000000        0x0 HwAb/IoHwAb/IoHwAb.o
 .bss           0x00000000        0x0 HwAb/IoHwAb/IoHwAb.o
 .debug_line    0x00000000        0x0 HwAb/IoHwAb/IoHwAb.o
 .debug_str     0x00000000      0x10e HwAb/IoHwAb/IoHwAb.o
 .comment       0x00000000       0x31 HwAb/IoHwAb/IoHwAb.o
 .text          0x00000000        0x0 HwAb/MemAb/MemAb.o
 .data          0x00000000        0x0 HwAb/MemAb/MemAb.o
 .bss           0x00000000        0x0 HwAb/MemAb/MemAb.o
 .debug_line    0x00000000        0x0 HwAb/MemAb/MemAb.o
 .debug_str     0x00000000      0x10c HwAb/MemAb/MemAb.o
 .comment       0x00000000       0x31 HwAb/MemAb/MemAb.o
 .text          0x00000000        0x0 main.o
 .data          0x00000000        0x0 main.o
 .bss           0x00000000        0x0 main.o
 .text          0x00000000        0x0 Mcal/Adc/Adc.o
 .data          0x00000000        0x0 Mcal/Adc/Adc.o
 .bss           0x00000000        0x0 Mcal/Adc/Adc.o
 .debug_line    0x00000000        0x0 Mcal/Adc/Adc.o
 .debug_str     0x00000000      0x108 Mcal/Adc/Adc.o
 .comment       0x00000000       0x31 Mcal/Adc/Adc.o
 .text          0x00000000        0x0 Mcal/Dio/Dio.o
 .data          0x00000000        0x0 Mcal/Dio/Dio.o
 .bss           0x00000000        0x0 Mcal/Dio/Dio.o
 .debug_line    0x00000000        0x0 Mcal/Dio/Dio.o
 .debug_str     0x00000000      0x108 Mcal/Dio/Dio.o
 .comment       0x00000000       0x31 Mcal/Dio/Dio.o
 .text          0x00000000        0x0 Mcal/Eeprom/Eeprom.o
 .data          0x00000000        0x0 Mcal/Eeprom/Eeprom.o
 .bss           0x00000000        0x0 Mcal/Eeprom/Eeprom.o
 .debug_line    0x00000000        0x0 Mcal/Eeprom/Eeprom.o
 .debug_str     0x00000000      0x10e Mcal/Eeprom/Eeprom.o
 .comment       0x00000000       0x31 Mcal/Eeprom/Eeprom.o
 .text          0x00000000        0x0 Mcal/Fls/Fls.o
 .data          0x00000000        0x0 Mcal/Fls/Fls.o
 .bss           0x00000000        0x0 Mcal/Fls/Fls.o
 .debug_line    0x00000000        0x0 Mcal/Fls/Fls.o
 .debug_str     0x00000000      0x108 Mcal/Fls/Fls.o
 .comment       0x00000000       0x31 Mcal/Fls/Fls.o
 .text          0x00000000        0x0 Mcal/Uart/Uart.o
 .data          0x00000000        0x0 Mcal/Uart/Uart.o
 .bss           0x00000000        0x0 Mcal/Uart/Uart.o
 .debug_line    0x00000000        0x0 Mcal/Uart/Uart.o
 .debug_str     0x00000000      0x10a Mcal/Uart/Uart.o
 .comment       0x00000000       0x31 Mcal/Uart/Uart.o
 .text          0x00000000        0x0 Mcal/Wdg/Wdg.o
 .data          0x00000000        0x0 Mcal/Wdg/Wdg.o
 .bss           0x00000000        0x0 Mcal/Wdg/Wdg.o
 .debug_line    0x00000000        0x0 Mcal/Wdg/Wdg.o
 .debug_str     0x00000000      0x108 Mcal/Wdg/Wdg.o
 .comment       0x00000000       0x31 Mcal/Wdg/Wdg.o
 .text          0x00000000        0x0 SWC/AppLoader/AppLoader.o
 .data          0x00000000        0x0 SWC/AppLoader/AppLoader.o
 .bss           0x00000000        0x0 SWC/AppLoader/AppLoader.o
 .debug_line    0x00000000        0x0 SWC/AppLoader/AppLoader.o
 .debug_str     0x00000000      0x113 SWC/AppLoader/AppLoader.o
 .comment       0x00000000       0x31 SWC/AppLoader/AppLoader.o
 .text          0x00000000        0x0 SWC/HealthMgr/HealthMgr.o
 .data          0x00000000        0x0 SWC/HealthMgr/HealthMgr.o
 .bss           0x00000000        0x0 SWC/HealthMgr/HealthMgr.o
 .debug_line    0x00000000        0x0 SWC/HealthMgr/HealthMgr.o
 .debug_str     0x00000000      0x113 SWC/HealthMgr/HealthMgr.o
 .comment       0x00000000       0x31 SWC/HealthMgr/HealthMgr.o
 .text          0x00000000        0x0 UnitTests/HwAb_ut/ComAb_ut/ComAb_ut.o
 .data          0x00000000        0x0 UnitTests/HwAb_ut/ComAb_ut/ComAb_ut.o
 .bss           0x00000000        0x0 UnitTests/HwAb_ut/ComAb_ut/ComAb_ut.o
 .debug_line    0x00000000        0x0 UnitTests/HwAb_ut/ComAb_ut/ComAb_ut.o
 .debug_str     0x00000000      0x11f UnitTests/HwAb_ut/ComAb_ut/ComAb_ut.o
 .comment       0x00000000       0x31 UnitTests/HwAb_ut/ComAb_ut/ComAb_ut.o
 .text          0x00000000        0x0 UnitTests/HwAb_ut/IoHwAb_ut/IoHwAb_ut.o
 .data          0x00000000        0x0 UnitTests/HwAb_ut/IoHwAb_ut/IoHwAb_ut.o
 .bss           0x00000000        0x0 UnitTests/HwAb_ut/IoHwAb_ut/IoHwAb_ut.o
 .debug_line    0x00000000        0x0 UnitTests/HwAb_ut/IoHwAb_ut/IoHwAb_ut.o
 .debug_str     0x00000000      0x121 UnitTests/HwAb_ut/IoHwAb_ut/IoHwAb_ut.o
 .comment       0x00000000       0x31 UnitTests/HwAb_ut/IoHwAb_ut/IoHwAb_ut.o
 .text          0x00000000        0x0 UnitTests/HwAb_ut/MemAb_ut/MemAb_ut.o
 .data          0x00000000        0x0 UnitTests/HwAb_ut/MemAb_ut/MemAb_ut.o
 .bss           0x00000000        0x0 UnitTests/HwAb_ut/MemAb_ut/MemAb_ut.o
 .debug_line    0x00000000        0x0 UnitTests/HwAb_ut/MemAb_ut/MemAb_ut.o
 .debug_str     0x00000000      0x11f UnitTests/HwAb_ut/MemAb_ut/MemAb_ut.o
 .comment       0x00000000       0x31 UnitTests/HwAb_ut/MemAb_ut/MemAb_ut.o
 .text          0x00000000        0x0 UnitTests/Mcal_ut/Adc_ut/Adc_ut.o
 .data          0x00000000        0x0 UnitTests/Mcal_ut/Adc_ut/Adc_ut.o
 .bss           0x00000000        0x0 UnitTests/Mcal_ut/Adc_ut/Adc_ut.o
 .debug_line    0x00000000        0x0 UnitTests/Mcal_ut/Adc_ut/Adc_ut.o
 .debug_str     0x00000000      0x11b UnitTests/Mcal_ut/Adc_ut/Adc_ut.o
 .comment       0x00000000       0x31 UnitTests/Mcal_ut/Adc_ut/Adc_ut.o
 .text          0x00000000        0x0 UnitTests/Mcal_ut/Dio_ut/Dio_ut.o
 .data          0x00000000        0x0 UnitTests/Mcal_ut/Dio_ut/Dio_ut.o
 .bss           0x00000000        0x0 UnitTests/Mcal_ut/Dio_ut/Dio_ut.o
 .debug_line    0x00000000        0x0 UnitTests/Mcal_ut/Dio_ut/Dio_ut.o
 .debug_str     0x00000000      0x11b UnitTests/Mcal_ut/Dio_ut/Dio_ut.o
 .comment       0x00000000       0x31 UnitTests/Mcal_ut/Dio_ut/Dio_ut.o
 .text          0x00000000        0x0 UnitTests/Mcal_ut/Eeprom_ut/Eeprom_ut.o
 .data          0x00000000        0x0 UnitTests/Mcal_ut/Eeprom_ut/Eeprom_ut.o
 .bss           0x00000000        0x0 UnitTests/Mcal_ut/Eeprom_ut/Eeprom_ut.o
 .debug_line    0x00000000        0x0 UnitTests/Mcal_ut/Eeprom_ut/Eeprom_ut.o
 .debug_str     0x00000000      0x121 UnitTests/Mcal_ut/Eeprom_ut/Eeprom_ut.o
 .comment       0x00000000       0x31 UnitTests/Mcal_ut/Eeprom_ut/Eeprom_ut.o
 .text          0x00000000        0x0 UnitTests/Mcal_ut/Fls_ut/Fls_ut.o
 .data          0x00000000        0x0 UnitTests/Mcal_ut/Fls_ut/Fls_ut.o
 .bss           0x00000000        0x0 UnitTests/Mcal_ut/Fls_ut/Fls_ut.o
 .debug_line    0x00000000        0x0 UnitTests/Mcal_ut/Fls_ut/Fls_ut.o
 .debug_str     0x00000000      0x11b UnitTests/Mcal_ut/Fls_ut/Fls_ut.o
 .comment       0x00000000       0x31 UnitTests/Mcal_ut/Fls_ut/Fls_ut.o
 .text          0x00000000        0x0 UnitTests/Mcal_ut/Uart_ut/Uart_ut.o
 .data          0x00000000        0x0 UnitTests/Mcal_ut/Uart_ut/Uart_ut.o
 .bss           0x00000000        0x0 UnitTests/Mcal_ut/Uart_ut/Uart_ut.o
 .debug_line    0x00000000        0x0 UnitTests/Mcal_ut/Uart_ut/Uart_ut.o
 .debug_str     0x00000000      0x11d UnitTests/Mcal_ut/Uart_ut/Uart_ut.o
 .comment       0x00000000       0x31 UnitTests/Mcal_ut/Uart_ut/Uart_ut.o
 .text          0x00000000        0x0 UnitTests/Mcal_ut/Wdg_ut/Wdg_ut.o
 .data          0x00000000        0x0 UnitTests/Mcal_ut/Wdg_ut/Wdg_ut.o
 .bss           0x00000000        0x0 UnitTests/Mcal_ut/Wdg_ut/Wdg_ut.o
 .debug_line    0x00000000        0x0 UnitTests/Mcal_ut/Wdg_ut/Wdg_ut.o
 .debug_str     0x00000000      0x11b UnitTests/Mcal_ut/Wdg_ut/Wdg_ut.o
 .comment       0x00000000       0x31 UnitTests/Mcal_ut/Wdg_ut/Wdg_ut.o
 .text          0x00000000        0x0 UnitTests/SWC_ut/AppLoader_ut/AppLoader_ut.o
 .data          0x00000000        0x0 UnitTests/SWC_ut/AppLoader_ut/AppLoader_ut.o
 .bss           0x00000000        0x0 UnitTests/SWC_ut/AppLoader_ut/AppLoader_ut.o
 .debug_line    0x00000000        0x0 UnitTests/SWC_ut/AppLoader_ut/AppLoader_ut.o
 .debug_str     0x00000000      0x126 UnitTests/SWC_ut/AppLoader_ut/AppLoader_ut.o
 .comment       0x00000000       0x31 UnitTests/SWC_ut/AppLoader_ut/AppLoader_ut.o
 .text          0x00000000        0x0 UnitTests/SWC_ut/HealthMgr_ut/HealthMgr_ut.o
 .data          0x00000000        0x0 UnitTests/SWC_ut/HealthMgr_ut/HealthMgr_ut.o
 .bss           0x00000000        0x0 UnitTests/SWC_ut/HealthMgr_ut/HealthMgr_ut.o
 .debug_line    0x00000000        0x0 UnitTests/SWC_ut/HealthMgr_ut/HealthMgr_ut.o
 .debug_str     0x00000000      0x126 UnitTests/SWC_ut/HealthMgr_ut/HealthMgr_ut.o
 .comment       0x00000000       0x31 UnitTests/SWC_ut/HealthMgr_ut/HealthMgr_ut.o
 .text          0x00000000        0x0 c:/program files (x86)/atmel/studio/7.0/toolchain/avr8/avr8-gnu-toolchain/bin/../lib/gcc/avr/5.4.0/avr5\libgcc.a(_exit.o)
 .data          0x00000000        0x0 c:/program files (x86)/atmel/studio/7.0/toolchain/avr8/avr8-gnu-toolchain/bin/../lib/gcc/avr/5.4.0/avr5\libgcc.a(_exit.o)
 .bss           0x00000000        0x0 c:/program files (x86)/atmel/studio/7.0/toolchain/avr8/avr8-gnu-toolchain/bin/../lib/gcc/avr/5.4.0/avr5\libgcc.a(_exit.o)
 .text.libgcc.mul
                0x00000000        0x0 c:/program files (x86)/atmel/studio/7.0/toolchain/avr8/avr8-gnu-toolchain/bin/../lib/gcc/avr/5.4.0/avr5\libgcc.a(_exit.o)
 .text.libgcc.div
                0x00000000        0x0 c:/program files (x86)/atmel/studio/7.0/toolchain/avr8/avr8-gnu-toolchain/bin/../lib/gcc/avr/5.4.0/avr5\libgcc.a(_exit.o)
 .text.libgcc   0x00000000        0x0 c:/program files (x86)/atmel/studio/7.0/toolchain/avr8/avr8-gnu-toolchain/bin/../lib/gcc/avr/5.4.0/avr5\libgcc.a(_exit.o)
 .text.libgcc.prologue
                0x00000000        0x0 c:/program files (x86)/atmel/studio/7.0/toolchain/avr8/avr8-gnu-toolchain/bin/../lib/gcc/avr/5.4.0/avr5\libgcc.a(_exit.o)
 .text.libgcc.builtins
                0x00000000        0x0 c:/program files (x86)/atmel/studio/7.0/toolchain/avr8/avr8-gnu-toolchain/bin/../lib/gcc/avr/5.4.0/avr5\libgcc.a(_exit.o)
 .text.libgcc.fmul
                0x00000000        0x0 c:/program files (x86)/atmel/studio/7.0/toolchain/avr8/avr8-gnu-toolchain/bin/../lib/gcc/avr/5.4.0/avr5\libgcc.a(_exit.o)
 .text.libgcc.fixed
                0x00000000        0x0 c:/program files (x86)/atmel/studio/7.0/toolchain/avr8/avr8-gnu-toolchain/bin/../lib/gcc/avr/5.4.0/avr5\libgcc.a(_exit.o)

Memory Configuration

Name             Origin             Length             Attributes
text             0x00000000         0x00020000         xr
data             0x00800060         0x0000ffa0         rw !x
eeprom           0x00810000         0x00010000         rw !x
fuse             0x00820000         0x00000002         rw !x
lock             0x00830000         0x00000400         rw !x
signature        0x00840000         0x00000400         rw !x
user_signatures  0x00850000         0x00000400         rw !x
*default*        0x00000000         0xffffffff

Linker script and memory map

LOAD C:/Program Files (x86)/Atmel/Studio/7.0/Packs/atmel/ATmega_DFP/1.3.300/gcc/dev/atmega32/avr5/crtatmega32.o
LOAD HwAb/ComAb/ComAb.o
LOAD HwAb/IoHwAb/IoHwAb.o
LOAD HwAb/MemAb/MemAb.o
LOAD main.o
LOAD Mcal/Adc/Adc.o
LOAD Mcal/Dio/Dio.o
LOAD Mcal/Eeprom/Eeprom.o
LOAD Mcal/Fls/Fls.o
LOAD Mcal/Uart/Uart.o
LOAD Mcal/Wdg/Wdg.o
LOAD SWC/AppLoader/AppLoader.o
LOAD SWC/HealthMgr/HealthMgr.o
LOAD UnitTests/HwAb_ut/ComAb_ut/ComAb_ut.o
LOAD UnitTests/HwAb_ut/IoHwAb_ut/IoHwAb_ut.o
LOAD UnitTests/HwAb_ut/MemAb_ut/MemAb_ut.o
LOAD UnitTests/Mcal_ut/Adc_ut/Adc_ut.o
LOAD UnitTests/Mcal_ut/Dio_ut/Dio_ut.o
LOAD UnitTests/Mcal_ut/Eeprom_ut/Eeprom_ut.o
LOAD UnitTests/Mcal_ut/Fls_ut/Fls_ut.o
LOAD UnitTests/Mcal_ut/Uart_ut/Uart_ut.o
LOAD UnitTests/Mcal_ut/Wdg_ut/Wdg_ut.o
LOAD UnitTests/SWC_ut/AppLoader_ut/AppLoader_ut.o
LOAD UnitTests/SWC_ut/HealthMgr_ut/HealthMgr_ut.o
START GROUP
LOAD c:/program files (x86)/atmel/studio/7.0/toolchain/avr8/avr8-gnu-toolchain/bin/../lib/gcc/avr/5.4.0/../../../../avr/lib/avr5\libm.a
END GROUP
START GROUP
LOAD c:/program files (x86)/atmel/studio/7.0/toolchain/avr8/avr8-gnu-toolchain/bin/../lib/gcc/avr/5.4.0/avr5\libgcc.a
LOAD c:/program files (x86)/atmel/studio/7.0/toolchain/avr8/avr8-gnu-toolchain/bin/../lib/gcc/avr/5.4.0/../../../../avr/lib/avr5\libm.a
LOAD c:/program files (x86)/atmel/studio/7.0/toolchain/avr8/avr8-gnu-toolchain/bin/../lib/gcc/avr/5.4.0/../../../../avr/lib/avr5\libc.a
LOAD C:/Program Files (x86)/Atmel/Studio/7.0/Packs/atmel/ATmega_DFP/1.3.300/gcc/dev/atmega32/avr5\libatmega32.a
END GROUP
                0x00000000                __TEXT_REGION_ORIGIN__ = DEFINED (__TEXT_REGION_ORIGIN__)?__TEXT_REGION_ORIGIN__:0x0
                0x00800060                __DATA_REGION_ORIGIN__ = DEFINED (__DATA_REGION_ORIGIN__)?__DATA_REGION_ORIGIN__:0x800060
                0x00020000                __TEXT_REGION_LENGTH__ = DEFINED (__TEXT_REGION_LENGTH__)?__TEXT_REGION_LENGTH__:0x20000
                0x0000ffa0                __DATA_REGION_LENGTH__ = DEFINED (__DATA_REGION_LENGTH__)?__DATA_REGION_LENGTH__:0xffa0
                0x00010000                __EEPROM_REGION_LENGTH__ = DEFINED (__EEPROM_REGION_LENGTH__)?__EEPROM_REGION_LENGTH__:0x10000
                [0x00000002]                __FUSE_REGION_LENGTH__ = DEFINED (__FUSE_REGION_LENGTH__)?__FUSE_REGION_LENGTH__:0x400
                0x00000400                __LOCK_REGION_LENGTH__ = DEFINED (__LOCK_REGION_LENGTH__)?__LOCK_REGION_LENGTH__:0x400
                0x00000400                __SIGNATURE_REGION_LENGTH__ = DEFINED (__SIGNATURE_REGION_LENGTH__)?__SIGNATURE_REGION_LENGTH__:0x400
                0x00000400                __USER_SIGNATURE_REGION_LENGTH__ = DEFINED (__USER_SIGNATURE_REGION_LENGTH__)?__USER_SIGNATURE_REGION_LENGTH__:0x400

.hash
 *(.hash)

.dynsym
 *(.dynsym)

.dynstr
 *(.dynstr)

.gnu.version
 *(.gnu.version)

.gnu.version_d
 *(.gnu.version_d)

.gnu.version_r
 *(.gnu.version_r)

.rel.init
 *(.rel.init)

.rela.init
 *(.rela.init)

.rel.text
 *(.rel.text)
 *(.rel.text.*)
 *(.rel.gnu.linkonce.t*)

.rela.text
 *(.rela.text)
 *(.rela.text.*)
 *(.rela.gnu.linkonce.t*)

.rel.fini
 *(.rel.fini)

.rela.fini
 *(.rela.fini)

.rel.rodata
 *(.rel.rodata)
 *(.rel.rodata.*)
 *(.rel.gnu.linkonce.r*)

.rela.rodata
 *(.rela.rodata)
 *(.rela.rodata.*)
 *(.rela.gnu.linkonce.r*)

.rel.data
 *(.rel.data)
 *(.rel.data.*)
 *(.rel.gnu.linkonce.d*)

.rela.data
 *(.rela.data)
 *(.rela.data.*)
 *(.rela.gnu.linkonce.d*)

.rel.ctors
 *(.rel.ctors)

.rela.ctors
 *(.rela.ctors)

.rel.dtors
 *(.rel.dtors)

.rela.dtors
 *(.rela.dtors)

.rel.got
 *(.rel.got)

.rela.got
 *(.rela.got)

.rel.bss
 *(.rel.bss)

.rela.bss
 *(.rela.bss)

.rel.plt
 *(.rel.plt)

.rela.plt
 *(.rela.plt)

.text           0x00000000       0x9e
 *(.vectors)
 .vectors       0x00000000       0x54 C:/Program Files (x86)/Atmel/Studio/7.0/Packs/atmel/ATmega_DFP/1.3.300/gcc/dev/atmega32/avr5/crtatmega32.o
                0x00000000                __vector_default
                0x00000000                __vectors
 *(.vectors)
 *(.progmem.gcc*)
                0x00000054                . = ALIGN (0x2)
                0x00000054                __trampolines_start = .
 *(.trampolines)
 .trampolines   0x00000054        0x0 linker stubs
 *(.trampolines*)
                0x00000054                __trampolines_end = .
 *libprintf_flt.a:*(.progmem.data)
 *libc.a:*(.progmem.data)
 *(.progmem*)
                0x00000054                . = ALIGN (0x2)
 *(.jumptables)
 *(.jumptables*)
 *(.lowtext)
 *(.lowtext*)
                0x00000054                __ctors_start = .
 *(.ctors)
                0x00000054                __ctors_end = .
                0x00000054                __dtors_start = .
 *(.dtors)
                0x00000054                __dtors_end = .
 SORT(*)(.ctors)
 SORT(*)(.dtors)
 *(.init0)
 .init0         0x00000054        0x0 C:/Program Files (x86)/Atmel/Studio/7.0/Packs/atmel/ATmega_DFP/1.3.300/gcc/dev/atmega32/avr5/crtatmega32.o
                0x00000054                __init
 *(.init0)
 *(.init1)
 *(.init1)
 *(.init2)
 .init2         0x00000054        0xc C:/Program Files (x86)/Atmel/Studio/7.0/Packs/atmel/ATmega_DFP/1.3.300/gcc/dev/atmega32/avr5/crtatmega32.o
 *(.init2)
 *(.init3)
 *(.init3)
 *(.init4)
 *(.init4)
 *(.init5)
 *(.init5)
 *(.init6)
 *(.init6)
 *(.init7)
 *(.init7)
 *(.init8)
 *(.init8)
 *(.init9)
 .init9         0x00000060        0x8 C:/Program Files (x86)/Atmel/Studio/7.0/Packs/atmel/ATmega_DFP/1.3.300/gcc/dev/atmega32/avr5/crtatmega32.o
 *(.init9)
 *(.text)
 .text          0x00000068        0x4 C:/Program Files (x86)/Atmel/Studio/7.0/Packs/atmel/ATmega_DFP/1.3.300/gcc/dev/atmega32/avr5/crtatmega32.o
                0x00000068                __vector_1
                0x00000068                __vector_12
                0x00000068                __bad_interrupt
                0x00000068                __vector_6
                0x00000068                __vector_3
                0x00000068                __vector_11
                0x00000068                __vector_13
                0x00000068                __vector_17
                0x00000068                __vector_19
                0x00000068                __vector_7
                0x00000068                __vector_5
                0x00000068                __vector_4
                0x00000068                __vector_9
                0x00000068                __vector_2
                0x00000068                __vector_15
                0x00000068                __vector_8
                0x00000068                __vector_14
                0x00000068                __vector_10
                0x00000068                __vector_16
                0x00000068                __vector_18
                0x00000068                __vector_20
                0x0000006c                . = ALIGN (0x2)
 *(.text.*)
 .text.main     0x0000006c       0x2e main.o
                0x0000006c                main
                0x0000009a                . = ALIGN (0x2)
 *(.fini9)
 .fini9         0x0000009a        0x0 c:/program files (x86)/atmel/studio/7.0/toolchain/avr8/avr8-gnu-toolchain/bin/../lib/gcc/avr/5.4.0/avr5\libgcc.a(_exit.o)
                0x0000009a                _exit
                0x0000009a                exit
 *(.fini9)
 *(.fini8)
 *(.fini8)
 *(.fini7)
 *(.fini7)
 *(.fini6)
 *(.fini6)
 *(.fini5)
 *(.fini5)
 *(.fini4)
 *(.fini4)
 *(.fini3)
 *(.fini3)
 *(.fini2)
 *(.fini2)
 *(.fini1)
 *(.fini1)
 *(.fini0)
 .fini0         0x0000009a        0x4 c:/program files (x86)/atmel/studio/7.0/toolchain/avr8/avr8-gnu-toolchain/bin/../lib/gcc/avr/5.4.0/avr5\libgcc.a(_exit.o)
 *(.fini0)
                0x0000009e                _etext = .

.data           0x00800060        0x0 load address 0x0000009e
                [!provide]                PROVIDE (__data_start, .)
 *(.data)
 *(.data*)
 *(.gnu.linkonce.d*)
 *(.rodata)
 *(.rodata*)
 *(.gnu.linkonce.r*)
                0x00800060                . = ALIGN (0x2)
                0x00800060                _edata = .
                [!provide]                PROVIDE (__data_end, .)

.bss            0x00800060        0x0
                [!provide]                PROVIDE (__bss_start, .)
 *(.bss)
 *(.bss*)
 *(COMMON)
                [!provide]                PROVIDE (__bss_end, .)
                0x0000009e                __data_load_start = LOADADDR (.data)
                0x0000009e                __data_load_end = (__data_load_start + SIZEOF (.data))

.noinit         0x00800060        0x0
                [!provide]                PROVIDE (__noinit_start, .)
 *(.noinit*)
                [!provide]                PROVIDE (__noinit_end, .)
                0x00800060                _end = .
                [!provide]                PROVIDE (__heap_start, .)

.eeprom         0x00810000        0x0
 *(.eeprom*)
                0x00810000                __eeprom_end = .

.fuse
 *(.fuse)
 *(.lfuse)
 *(.hfuse)
 *(.efuse)

.lock
 *(.lock*)

.signature
 *(.signature*)

.user_signatures
 *(.user_signatures*)

.stab
 *(.stab)

.stabstr
 *(.stabstr)

.stab.excl
 *(.stab.excl)

.stab.exclstr
 *(.stab.exclstr)

.stab.index
 *(.stab.index)

.stab.indexstr
 *(.stab.indexstr)

.comment        0x00000000       0x30
 *(.comment)
 .comment       0x00000000       0x30 main.o
                                 0x31 (size before relaxing)

.note.gnu.avr.deviceinfo
                0x00000000       0x3c
 .note.gnu.avr.deviceinfo
                0x00000000       0x3c C:/Program Files (x86)/Atmel/Studio/7.0/Packs/atmel/ATmega_DFP/1.3.300/gcc/dev/atmega32/avr5/crtatmega32.o

.note.gnu.build-id
 *(.note.gnu.build-id)

.debug
 *(.debug)

.line
 *(.line)

.debug_srcinfo
 *(.debug_srcinfo)

.debug_sfnames
 *(.debug_sfnames)

.debug_aranges  0x00000000       0x20
 *(.debug_aranges)
 .debug_aranges
                0x00000000       0x20 main.o

.debug_pubnames
 *(.debug_pubnames)

.debug_info     0x00000000      0x63f
 *(.debug_info .gnu.linkonce.wi.*)
 .debug_info    0x00000000      0x4e6 C:/Program Files (x86)/Atmel/Studio/7.0/Packs/atmel/ATmega_DFP/1.3.300/gcc/dev/atmega32/avr5/crtatmega32.o
 .debug_info    0x000004e6      0x159 main.o

.debug_abbrev   0x00000000      0x58b
 *(.debug_abbrev)
 .debug_abbrev  0x00000000      0x4a3 C:/Program Files (x86)/Atmel/Studio/7.0/Packs/atmel/ATmega_DFP/1.3.300/gcc/dev/atmega32/avr5/crtatmega32.o
 .debug_abbrev  0x000004a3       0xe8 main.o

.debug_line     0x00000000      0x24d
 *(.debug_line .debug_line.* .debug_line_end)
 .debug_line    0x00000000      0x115 C:/Program Files (x86)/Atmel/Studio/7.0/Packs/atmel/ATmega_DFP/1.3.300/gcc/dev/atmega32/avr5/crtatmega32.o
 .debug_line    0x00000115      0x138 main.o

.debug_frame    0x00000000       0x24
 *(.debug_frame)
 .debug_frame   0x00000000       0x24 main.o

.debug_str      0x00000000      0x346
 *(.debug_str)
 .debug_str     0x00000000      0x196 C:/Program Files (x86)/Atmel/Studio/7.0/Packs/atmel/ATmega_DFP/1.3.300/gcc/dev/atmega32/avr5/crtatmega32.o
 .debug_str     0x00000196      0x1b0 main.o
                                0x1e4 (size before relaxing)

.debug_loc      0x00000000       0x48
 *(.debug_loc)
 .debug_loc     0x00000000       0x48 main.o

.debug_macinfo
 *(.debug_macinfo)

.debug_weaknames
 *(.debug_weaknames)

.debug_funcnames
 *(.debug_funcnames)

.debug_typenames
 *(.debug_typenames)

.debug_varnames
 *(.debug_varnames)

.debug_pubtypes
 *(.debug_pubtypes)

.debug_ranges   0x00000000       0x10
 *(.debug_ranges)
 .debug_ranges  0x00000000       0x10 main.o

.debug_macro
 *(.debug_macro)
OUTPUT(Bootloader.elf elf32-avr)
LOAD linker stubs
