Archive member included to satisfy reference by file (symbol)

c:/program files (x86)/atmel/studio/7.0/toolchain/avr8/avr8-gnu-toolchain/bin/../lib/gcc/avr/5.4.0/avr5\libgcc.a(_exit.o)
                              C:/Program Files (x86)/Atmel/Studio/7.0/Packs/atmel/ATmega_DFP/1.3.300/gcc/dev/atmega32/avr5/crtatmega32.o (exit)
c:/program files (x86)/atmel/studio/7.0/toolchain/avr8/avr8-gnu-toolchain/bin/../lib/gcc/avr/5.4.0/avr5\libgcc.a(_copy_data.o)
                              UnitTests/Mcal_ut/Eeprom_ut/Eeprom_ut.o (__do_copy_data)
c:/program files (x86)/atmel/studio/7.0/toolchain/avr8/avr8-gnu-toolchain/bin/../lib/gcc/avr/5.4.0/avr5\libgcc.a(_clear_bss.o)
                              Mcal/Eeprom/Eeprom.o (__do_clear_bss)
c:/program files (x86)/atmel/studio/7.0/toolchain/avr8/avr8-gnu-toolchain/bin/../lib/gcc/avr/5.4.0/../../../../avr/lib/avr5\libc.a(printf.o)
                              UnitTests/Mcal_ut/Eeprom_ut/Eeprom_ut.o (printf)
c:/program files (x86)/atmel/studio/7.0/toolchain/avr8/avr8-gnu-toolchain/bin/../lib/gcc/avr/5.4.0/../../../../avr/lib/avr5\libc.a(puts.o)
                              UnitTests/Mcal_ut/Eeprom_ut/Eeprom_ut.o (puts)
c:/program files (x86)/atmel/studio/7.0/toolchain/avr8/avr8-gnu-toolchain/bin/../lib/gcc/avr/5.4.0/../../../../avr/lib/avr5\libc.a(vfprintf_std.o)
                              c:/program files (x86)/atmel/studio/7.0/toolchain/avr8/avr8-gnu-toolchain/bin/../lib/gcc/avr/5.4.0/../../../../avr/lib/avr5\libc.a(printf.o) (vfprintf)
c:/program files (x86)/atmel/studio/7.0/toolchain/avr8/avr8-gnu-toolchain/bin/../lib/gcc/avr/5.4.0/../../../../avr/lib/avr5\libc.a(strnlen_P.o)
                              c:/program files (x86)/atmel/studio/7.0/toolchain/avr8/avr8-gnu-toolchain/bin/../lib/gcc/avr/5.4.0/../../../../avr/lib/avr5\libc.a(vfprintf_std.o) (strnlen_P)
c:/program files (x86)/atmel/studio/7.0/toolchain/avr8/avr8-gnu-toolchain/bin/../lib/gcc/avr/5.4.0/../../../../avr/lib/avr5\libc.a(strnlen.o)
                              c:/program files (x86)/atmel/studio/7.0/toolchain/avr8/avr8-gnu-toolchain/bin/../lib/gcc/avr/5.4.0/../../../../avr/lib/avr5\libc.a(vfprintf_std.o) (strnlen)
c:/program files (x86)/atmel/studio/7.0/toolchain/avr8/avr8-gnu-toolchain/bin/../lib/gcc/avr/5.4.0/../../../../avr/lib/avr5\libc.a(fputc.o)
                              c:/program files (x86)/atmel/studio/7.0/toolchain/avr8/avr8-gnu-toolchain/bin/../lib/gcc/avr/5.4.0/../../../../avr/lib/avr5\libc.a(vfprintf_std.o) (fputc)
c:/program files (x86)/atmel/studio/7.0/toolchain/avr8/avr8-gnu-toolchain/bin/../lib/gcc/avr/5.4.0/../../../../avr/lib/avr5\libc.a(iob.o)
                              c:/program files (x86)/atmel/studio/7.0/toolchain/avr8/avr8-gnu-toolchain/bin/../lib/gcc/avr/5.4.0/../../../../avr/lib/avr5\libc.a(printf.o) (__iob)
c:/program files (x86)/atmel/studio/7.0/toolchain/avr8/avr8-gnu-toolchain/bin/../lib/gcc/avr/5.4.0/../../../../avr/lib/avr5\libc.a(ultoa_invert.o)
                              c:/program files (x86)/atmel/studio/7.0/toolchain/avr8/avr8-gnu-toolchain/bin/../lib/gcc/avr/5.4.0/../../../../avr/lib/avr5\libc.a(vfprintf_std.o) (__ultoa_invert)
c:/program files (x86)/atmel/studio/7.0/toolchain/avr8/avr8-gnu-toolchain/bin/../lib/gcc/avr/5.4.0/avr5\libgcc.a(_prologue.o)
                              c:/program files (x86)/atmel/studio/7.0/toolchain/avr8/avr8-gnu-toolchain/bin/../lib/gcc/avr/5.4.0/../../../../avr/lib/avr5\libc.a(printf.o) (__prologue_saves__)
c:/program files (x86)/atmel/studio/7.0/toolchain/avr8/avr8-gnu-toolchain/bin/../lib/gcc/avr/5.4.0/avr5\libgcc.a(_epilogue.o)
                              c:/program files (x86)/atmel/studio/7.0/toolchain/avr8/avr8-gnu-toolchain/bin/../lib/gcc/avr/5.4.0/../../../../avr/lib/avr5\libc.a(printf.o) (__epilogue_restores__)

Allocating common symbols
Common symbol       size              file

__iob               0x6               c:/program files (x86)/atmel/studio/7.0/toolchain/avr8/avr8-gnu-toolchain/bin/../lib/gcc/avr/5.4.0/../../../../avr/lib/avr5\libc.a(iob.o)

Discarded input sections

 .data          0x00000000        0x0 C:/Program Files (x86)/Atmel/Studio/7.0/Packs/atmel/ATmega_DFP/1.3.300/gcc/dev/atmega32/avr5/crtatmega32.o
 .bss           0x00000000        0x0 C:/Program Files (x86)/Atmel/Studio/7.0/Packs/atmel/ATmega_DFP/1.3.300/gcc/dev/atmega32/avr5/crtatmega32.o
 .text          0x00000000        0x0 HwAb/ComAb/ComAb.o
 .data          0x00000000        0x0 HwAb/ComAb/ComAb.o
 .bss           0x00000000        0x0 HwAb/ComAb/ComAb.o
 .debug_line    0x00000000        0x0 HwAb/ComAb/ComAb.o
 .debug_str     0x00000000      0x10c HwAb/ComAb/ComAb.o
 .comment       0x00000000       0x31 HwAb/ComAb/ComAb.o
 .text          0x00000000        0x0 HwAb/IoHwAb/IoHwAb.o
 .data          0x00000000        0x0 HwAb/IoHwAb/IoHwAb.o
 .bss           0x00000000        0x0 HwAb/IoHwAb/IoHwAb.o
 .debug_line    0x00000000        0x0 HwAb/IoHwAb/IoHwAb.o
 .debug_str     0x00000000      0x10e HwAb/IoHwAb/IoHwAb.o
 .comment       0x00000000       0x31 HwAb/IoHwAb/IoHwAb.o
 .text          0x00000000        0x0 HwAb/MemAb/MemAb.o
 .data          0x00000000        0x0 HwAb/MemAb/MemAb.o
 .bss           0x00000000        0x0 HwAb/MemAb/MemAb.o
 .debug_line    0x00000000        0x0 HwAb/MemAb/MemAb.o
 .debug_str     0x00000000      0x10c HwAb/MemAb/MemAb.o
 .comment       0x00000000       0x31 HwAb/MemAb/MemAb.o
 .text          0x00000000        0x0 main.o
 .data          0x00000000        0x0 main.o
 .bss           0x00000000        0x0 main.o
 .text          0x00000000        0x0 Mcal/Adc/Adc.o
 .data          0x00000000        0x0 Mcal/Adc/Adc.o
 .bss           0x00000000        0x0 Mcal/Adc/Adc.o
 .debug_line    0x00000000        0x0 Mcal/Adc/Adc.o
 .debug_str     0x00000000      0x108 Mcal/Adc/Adc.o
 .comment       0x00000000       0x31 Mcal/Adc/Adc.o
 .text          0x00000000        0x0 Mcal/Dio/Dio.o
 .data          0x00000000        0x0 Mcal/Dio/Dio.o
 .bss           0x00000000        0x0 Mcal/Dio/Dio.o
 .debug_line    0x00000000        0x0 Mcal/Dio/Dio.o
 .debug_str     0x00000000      0x108 Mcal/Dio/Dio.o
 .comment       0x00000000       0x31 Mcal/Dio/Dio.o
 .text          0x00000000        0x0 Mcal/Eeprom/Eeprom.o
 .data          0x00000000        0x0 Mcal/Eeprom/Eeprom.o
 .bss           0x00000000        0x0 Mcal/Eeprom/Eeprom.o
 .text.Eeprom_ReadByte
                0x00000000       0x1e Mcal/Eeprom/Eeprom.o
 .text.Eeprom_WriteBuffer
                0x00000000       0x66 Mcal/Eeprom/Eeprom.o
 .text.Eeprom_ReadBuffer
                0x00000000       0x66 Mcal/Eeprom/Eeprom.o
 .bss.Eeprom_SPMCR
                0x00000000        0x1 Mcal/Eeprom/Eeprom.o
 .text          0x00000000        0x0 Mcal/Fls/Fls.o
 .data          0x00000000        0x0 Mcal/Fls/Fls.o
 .bss           0x00000000        0x0 Mcal/Fls/Fls.o
 .debug_line    0x00000000        0x0 Mcal/Fls/Fls.o
 .debug_str     0x00000000      0x108 Mcal/Fls/Fls.o
 .comment       0x00000000       0x31 Mcal/Fls/Fls.o
 .text          0x00000000        0x0 Mcal/Uart/Uart.o
 .data          0x00000000        0x0 Mcal/Uart/Uart.o
 .bss           0x00000000        0x0 Mcal/Uart/Uart.o
 .debug_line    0x00000000        0x0 Mcal/Uart/Uart.o
 .debug_str     0x00000000      0x10a Mcal/Uart/Uart.o
 .comment       0x00000000       0x31 Mcal/Uart/Uart.o
 .text          0x00000000        0x0 Mcal/Wdg/Wdg.o
 .data          0x00000000        0x0 Mcal/Wdg/Wdg.o
 .bss           0x00000000        0x0 Mcal/Wdg/Wdg.o
 .debug_line    0x00000000        0x0 Mcal/Wdg/Wdg.o
 .debug_str     0x00000000      0x108 Mcal/Wdg/Wdg.o
 .comment       0x00000000       0x31 Mcal/Wdg/Wdg.o
 .text          0x00000000        0x0 SWC/AppLoader/AppLoader.o
 .data          0x00000000        0x0 SWC/AppLoader/AppLoader.o
 .bss           0x00000000        0x0 SWC/AppLoader/AppLoader.o
 .debug_line    0x00000000        0x0 SWC/AppLoader/AppLoader.o
 .debug_str     0x00000000      0x113 SWC/AppLoader/AppLoader.o
 .comment       0x00000000       0x31 SWC/AppLoader/AppLoader.o
 .text          0x00000000        0x0 SWC/HealthMgr/HealthMgr.o
 .data          0x00000000        0x0 SWC/HealthMgr/HealthMgr.o
 .bss           0x00000000        0x0 SWC/HealthMgr/HealthMgr.o
 .debug_line    0x00000000        0x0 SWC/HealthMgr/HealthMgr.o
 .debug_str     0x00000000      0x113 SWC/HealthMgr/HealthMgr.o
 .comment       0x00000000       0x31 SWC/HealthMgr/HealthMgr.o
 .text          0x00000000        0x0 UnitTests/HwAb_ut/ComAb_ut/ComAb_ut.o
 .data          0x00000000        0x0 UnitTests/HwAb_ut/ComAb_ut/ComAb_ut.o
 .bss           0x00000000        0x0 UnitTests/HwAb_ut/ComAb_ut/ComAb_ut.o
 .debug_line    0x00000000        0x0 UnitTests/HwAb_ut/ComAb_ut/ComAb_ut.o
 .debug_str     0x00000000      0x11f UnitTests/HwAb_ut/ComAb_ut/ComAb_ut.o
 .comment       0x00000000       0x31 UnitTests/HwAb_ut/ComAb_ut/ComAb_ut.o
 .text          0x00000000        0x0 UnitTests/HwAb_ut/IoHwAb_ut/IoHwAb_ut.o
 .data          0x00000000        0x0 UnitTests/HwAb_ut/IoHwAb_ut/IoHwAb_ut.o
 .bss           0x00000000        0x0 UnitTests/HwAb_ut/IoHwAb_ut/IoHwAb_ut.o
 .debug_line    0x00000000        0x0 UnitTests/HwAb_ut/IoHwAb_ut/IoHwAb_ut.o
 .debug_str     0x00000000      0x121 UnitTests/HwAb_ut/IoHwAb_ut/IoHwAb_ut.o
 .comment       0x00000000       0x31 UnitTests/HwAb_ut/IoHwAb_ut/IoHwAb_ut.o
 .text          0x00000000        0x0 UnitTests/HwAb_ut/MemAb_ut/MemAb_ut.o
 .data          0x00000000        0x0 UnitTests/HwAb_ut/MemAb_ut/MemAb_ut.o
 .bss           0x00000000        0x0 UnitTests/HwAb_ut/MemAb_ut/MemAb_ut.o
 .debug_line    0x00000000        0x0 UnitTests/HwAb_ut/MemAb_ut/MemAb_ut.o
 .debug_str     0x00000000      0x11f UnitTests/HwAb_ut/MemAb_ut/MemAb_ut.o
 .comment       0x00000000       0x31 UnitTests/HwAb_ut/MemAb_ut/MemAb_ut.o
 .text          0x00000000        0x0 UnitTests/Mcal_ut/Adc_ut/Adc_ut.o
 .data          0x00000000        0x0 UnitTests/Mcal_ut/Adc_ut/Adc_ut.o
 .bss           0x00000000        0x0 UnitTests/Mcal_ut/Adc_ut/Adc_ut.o
 .debug_line    0x00000000        0x0 UnitTests/Mcal_ut/Adc_ut/Adc_ut.o
 .debug_str     0x00000000      0x11b UnitTests/Mcal_ut/Adc_ut/Adc_ut.o
 .comment       0x00000000       0x31 UnitTests/Mcal_ut/Adc_ut/Adc_ut.o
 .text          0x00000000        0x0 UnitTests/Mcal_ut/Dio_ut/Dio_ut.o
 .data          0x00000000        0x0 UnitTests/Mcal_ut/Dio_ut/Dio_ut.o
 .bss           0x00000000        0x0 UnitTests/Mcal_ut/Dio_ut/Dio_ut.o
 .debug_line    0x00000000        0x0 UnitTests/Mcal_ut/Dio_ut/Dio_ut.o
 .debug_str     0x00000000      0x11b UnitTests/Mcal_ut/Dio_ut/Dio_ut.o
 .comment       0x00000000       0x31 UnitTests/Mcal_ut/Dio_ut/Dio_ut.o
 .text          0x00000000        0x0 UnitTests/Mcal_ut/Eeprom_ut/Eeprom_ut.o
 .data          0x00000000        0x0 UnitTests/Mcal_ut/Eeprom_ut/Eeprom_ut.o
 .bss           0x00000000        0x0 UnitTests/Mcal_ut/Eeprom_ut/Eeprom_ut.o
 .text          0x00000000        0x0 UnitTests/Mcal_ut/Fls_ut/Fls_ut.o
 .data          0x00000000        0x0 UnitTests/Mcal_ut/Fls_ut/Fls_ut.o
 .bss           0x00000000        0x0 UnitTests/Mcal_ut/Fls_ut/Fls_ut.o
 .debug_line    0x00000000        0x0 UnitTests/Mcal_ut/Fls_ut/Fls_ut.o
 .debug_str     0x00000000      0x11b UnitTests/Mcal_ut/Fls_ut/Fls_ut.o
 .comment       0x00000000       0x31 UnitTests/Mcal_ut/Fls_ut/Fls_ut.o
 .text          0x00000000        0x0 UnitTests/Mcal_ut/Uart_ut/Uart_ut.o
 .data          0x00000000        0x0 UnitTests/Mcal_ut/Uart_ut/Uart_ut.o
 .bss           0x00000000        0x0 UnitTests/Mcal_ut/Uart_ut/Uart_ut.o
 .debug_line    0x00000000        0x0 UnitTests/Mcal_ut/Uart_ut/Uart_ut.o
 .debug_str     0x00000000      0x11d UnitTests/Mcal_ut/Uart_ut/Uart_ut.o
 .comment       0x00000000       0x31 UnitTests/Mcal_ut/Uart_ut/Uart_ut.o
 .text          0x00000000        0x0 UnitTests/Mcal_ut/Wdg_ut/Wdg_ut.o
 .data          0x00000000        0x0 UnitTests/Mcal_ut/Wdg_ut/Wdg_ut.o
 .bss           0x00000000        0x0 UnitTests/Mcal_ut/Wdg_ut/Wdg_ut.o
 .debug_line    0x00000000        0x0 UnitTests/Mcal_ut/Wdg_ut/Wdg_ut.o
 .debug_str     0x00000000      0x11b UnitTests/Mcal_ut/Wdg_ut/Wdg_ut.o
 .comment       0x00000000       0x31 UnitTests/Mcal_ut/Wdg_ut/Wdg_ut.o
 .text          0x00000000        0x0 UnitTests/SWC_ut/AppLoader_ut/AppLoader_ut.o
 .data          0x00000000        0x0 UnitTests/SWC_ut/AppLoader_ut/AppLoader_ut.o
 .bss           0x00000000        0x0 UnitTests/SWC_ut/AppLoader_ut/AppLoader_ut.o
 .debug_line    0x00000000        0x0 UnitTests/SWC_ut/AppLoader_ut/AppLoader_ut.o
 .debug_str     0x00000000      0x126 UnitTests/SWC_ut/AppLoader_ut/AppLoader_ut.o
 .comment       0x00000000       0x31 UnitTests/SWC_ut/AppLoader_ut/AppLoader_ut.o
 .text          0x00000000        0x0 UnitTests/SWC_ut/HealthMgr_ut/HealthMgr_ut.o
 .data          0x00000000        0x0 UnitTests/SWC_ut/HealthMgr_ut/HealthMgr_ut.o
 .bss           0x00000000        0x0 UnitTests/SWC_ut/HealthMgr_ut/HealthMgr_ut.o
 .debug_line    0x00000000        0x0 UnitTests/SWC_ut/HealthMgr_ut/HealthMgr_ut.o
 .debug_str     0x00000000      0x126 UnitTests/SWC_ut/HealthMgr_ut/HealthMgr_ut.o
 .comment       0x00000000       0x31 UnitTests/SWC_ut/HealthMgr_ut/HealthMgr_ut.o
 .text          0x00000000        0x0 UnitTests/UT/UnitTest.o
 .data          0x00000000        0x0 UnitTests/UT/UnitTest.o
 .bss           0x00000000        0x0 UnitTests/UT/UnitTest.o
 .text          0x00000000        0x0 c:/program files (x86)/atmel/studio/7.0/toolchain/avr8/avr8-gnu-toolchain/bin/../lib/gcc/avr/5.4.0/avr5\libgcc.a(_exit.o)
 .data          0x00000000        0x0 c:/program files (x86)/atmel/studio/7.0/toolchain/avr8/avr8-gnu-toolchain/bin/../lib/gcc/avr/5.4.0/avr5\libgcc.a(_exit.o)
 .bss           0x00000000        0x0 c:/program files (x86)/atmel/studio/7.0/toolchain/avr8/avr8-gnu-toolchain/bin/../lib/gcc/avr/5.4.0/avr5\libgcc.a(_exit.o)
 .text.libgcc.mul
                0x00000000        0x0 c:/program files (x86)/atmel/studio/7.0/toolchain/avr8/avr8-gnu-toolchain/bin/../lib/gcc/avr/5.4.0/avr5\libgcc.a(_exit.o)
 .text.libgcc.div
                0x00000000        0x0 c:/program files (x86)/atmel/studio/7.0/toolchain/avr8/avr8-gnu-toolchain/bin/../lib/gcc/avr/5.4.0/avr5\libgcc.a(_exit.o)
 .text.libgcc   0x00000000        0x0 c:/program files (x86)/atmel/studio/7.0/toolchain/avr8/avr8-gnu-toolchain/bin/../lib/gcc/avr/5.4.0/avr5\libgcc.a(_exit.o)
 .text.libgcc.prologue
                0x00000000        0x0 c:/program files (x86)/atmel/studio/7.0/toolchain/avr8/avr8-gnu-toolchain/bin/../lib/gcc/avr/5.4.0/avr5\libgcc.a(_exit.o)
 .text.libgcc.builtins
                0x00000000        0x0 c:/program files (x86)/atmel/studio/7.0/toolchain/avr8/avr8-gnu-toolchain/bin/../lib/gcc/avr/5.4.0/avr5\libgcc.a(_exit.o)
 .text.libgcc.fmul
                0x00000000        0x0 c:/program files (x86)/atmel/studio/7.0/toolchain/avr8/avr8-gnu-toolchain/bin/../lib/gcc/avr/5.4.0/avr5\libgcc.a(_exit.o)
 .text.libgcc.fixed
                0x00000000        0x0 c:/program files (x86)/atmel/studio/7.0/toolchain/avr8/avr8-gnu-toolchain/bin/../lib/gcc/avr/5.4.0/avr5\libgcc.a(_exit.o)
 .text          0x00000000        0x0 c:/program files (x86)/atmel/studio/7.0/toolchain/avr8/avr8-gnu-toolchain/bin/../lib/gcc/avr/5.4.0/avr5\libgcc.a(_copy_data.o)
 .data          0x00000000        0x0 c:/program files (x86)/atmel/studio/7.0/toolchain/avr8/avr8-gnu-toolchain/bin/../lib/gcc/avr/5.4.0/avr5\libgcc.a(_copy_data.o)
 .bss           0x00000000        0x0 c:/program files (x86)/atmel/studio/7.0/toolchain/avr8/avr8-gnu-toolchain/bin/../lib/gcc/avr/5.4.0/avr5\libgcc.a(_copy_data.o)
 .text.libgcc.mul
                0x00000000        0x0 c:/program files (x86)/atmel/studio/7.0/toolchain/avr8/avr8-gnu-toolchain/bin/../lib/gcc/avr/5.4.0/avr5\libgcc.a(_copy_data.o)
 .text.libgcc.div
                0x00000000        0x0 c:/program files (x86)/atmel/studio/7.0/toolchain/avr8/avr8-gnu-toolchain/bin/../lib/gcc/avr/5.4.0/avr5\libgcc.a(_copy_data.o)
 .text.libgcc   0x00000000        0x0 c:/program files (x86)/atmel/studio/7.0/toolchain/avr8/avr8-gnu-toolchain/bin/../lib/gcc/avr/5.4.0/avr5\libgcc.a(_copy_data.o)
 .text.libgcc.prologue
                0x00000000        0x0 c:/program files (x86)/atmel/studio/7.0/toolchain/avr8/avr8-gnu-toolchain/bin/../lib/gcc/avr/5.4.0/avr5\libgcc.a(_copy_data.o)
 .text.libgcc.builtins
                0x00000000        0x0 c:/program files (x86)/atmel/studio/7.0/toolchain/avr8/avr8-gnu-toolchain/bin/../lib/gcc/avr/5.4.0/avr5\libgcc.a(_copy_data.o)
 .text.libgcc.fmul
                0x00000000        0x0 c:/program files (x86)/atmel/studio/7.0/toolchain/avr8/avr8-gnu-toolchain/bin/../lib/gcc/avr/5.4.0/avr5\libgcc.a(_copy_data.o)
 .text.libgcc.fixed
                0x00000000        0x0 c:/program files (x86)/atmel/studio/7.0/toolchain/avr8/avr8-gnu-toolchain/bin/../lib/gcc/avr/5.4.0/avr5\libgcc.a(_copy_data.o)
 .text          0x00000000        0x0 c:/program files (x86)/atmel/studio/7.0/toolchain/avr8/avr8-gnu-toolchain/bin/../lib/gcc/avr/5.4.0/avr5\libgcc.a(_clear_bss.o)
 .data          0x00000000        0x0 c:/program files (x86)/atmel/studio/7.0/toolchain/avr8/avr8-gnu-toolchain/bin/../lib/gcc/avr/5.4.0/avr5\libgcc.a(_clear_bss.o)
 .bss           0x00000000        0x0 c:/program files (x86)/atmel/studio/7.0/toolchain/avr8/avr8-gnu-toolchain/bin/../lib/gcc/avr/5.4.0/avr5\libgcc.a(_clear_bss.o)
 .text.libgcc.mul
                0x00000000        0x0 c:/program files (x86)/atmel/studio/7.0/toolchain/avr8/avr8-gnu-toolchain/bin/../lib/gcc/avr/5.4.0/avr5\libgcc.a(_clear_bss.o)
 .text.libgcc.div
                0x00000000        0x0 c:/program files (x86)/atmel/studio/7.0/toolchain/avr8/avr8-gnu-toolchain/bin/../lib/gcc/avr/5.4.0/avr5\libgcc.a(_clear_bss.o)
 .text.libgcc   0x00000000        0x0 c:/program files (x86)/atmel/studio/7.0/toolchain/avr8/avr8-gnu-toolchain/bin/../lib/gcc/avr/5.4.0/avr5\libgcc.a(_clear_bss.o)
 .text.libgcc.prologue
                0x00000000        0x0 c:/program files (x86)/atmel/studio/7.0/toolchain/avr8/avr8-gnu-toolchain/bin/../lib/gcc/avr/5.4.0/avr5\libgcc.a(_clear_bss.o)
 .text.libgcc.builtins
                0x00000000        0x0 c:/program files (x86)/atmel/studio/7.0/toolchain/avr8/avr8-gnu-toolchain/bin/../lib/gcc/avr/5.4.0/avr5\libgcc.a(_clear_bss.o)
 .text.libgcc.fmul
                0x00000000        0x0 c:/program files (x86)/atmel/studio/7.0/toolchain/avr8/avr8-gnu-toolchain/bin/../lib/gcc/avr/5.4.0/avr5\libgcc.a(_clear_bss.o)
 .text.libgcc.fixed
                0x00000000        0x0 c:/program files (x86)/atmel/studio/7.0/toolchain/avr8/avr8-gnu-toolchain/bin/../lib/gcc/avr/5.4.0/avr5\libgcc.a(_clear_bss.o)
 .text          0x00000000        0x0 c:/program files (x86)/atmel/studio/7.0/toolchain/avr8/avr8-gnu-toolchain/bin/../lib/gcc/avr/5.4.0/../../../../avr/lib/avr5\libc.a(printf.o)
 .data          0x00000000        0x0 c:/program files (x86)/atmel/studio/7.0/toolchain/avr8/avr8-gnu-toolchain/bin/../lib/gcc/avr/5.4.0/../../../../avr/lib/avr5\libc.a(printf.o)
 .bss           0x00000000        0x0 c:/program files (x86)/atmel/studio/7.0/toolchain/avr8/avr8-gnu-toolchain/bin/../lib/gcc/avr/5.4.0/../../../../avr/lib/avr5\libc.a(printf.o)
 .text          0x00000000        0x0 c:/program files (x86)/atmel/studio/7.0/toolchain/avr8/avr8-gnu-toolchain/bin/../lib/gcc/avr/5.4.0/../../../../avr/lib/avr5\libc.a(puts.o)
 .data          0x00000000        0x0 c:/program files (x86)/atmel/studio/7.0/toolchain/avr8/avr8-gnu-toolchain/bin/../lib/gcc/avr/5.4.0/../../../../avr/lib/avr5\libc.a(puts.o)
 .bss           0x00000000        0x0 c:/program files (x86)/atmel/studio/7.0/toolchain/avr8/avr8-gnu-toolchain/bin/../lib/gcc/avr/5.4.0/../../../../avr/lib/avr5\libc.a(puts.o)
 .text          0x00000000        0x0 c:/program files (x86)/atmel/studio/7.0/toolchain/avr8/avr8-gnu-toolchain/bin/../lib/gcc/avr/5.4.0/../../../../avr/lib/avr5\libc.a(vfprintf_std.o)
 .data          0x00000000        0x0 c:/program files (x86)/atmel/studio/7.0/toolchain/avr8/avr8-gnu-toolchain/bin/../lib/gcc/avr/5.4.0/../../../../avr/lib/avr5\libc.a(vfprintf_std.o)
 .bss           0x00000000        0x0 c:/program files (x86)/atmel/studio/7.0/toolchain/avr8/avr8-gnu-toolchain/bin/../lib/gcc/avr/5.4.0/../../../../avr/lib/avr5\libc.a(vfprintf_std.o)
 .text          0x00000000        0x0 c:/program files (x86)/atmel/studio/7.0/toolchain/avr8/avr8-gnu-toolchain/bin/../lib/gcc/avr/5.4.0/../../../../avr/lib/avr5\libc.a(strnlen_P.o)
 .data          0x00000000        0x0 c:/program files (x86)/atmel/studio/7.0/toolchain/avr8/avr8-gnu-toolchain/bin/../lib/gcc/avr/5.4.0/../../../../avr/lib/avr5\libc.a(strnlen_P.o)
 .bss           0x00000000        0x0 c:/program files (x86)/atmel/studio/7.0/toolchain/avr8/avr8-gnu-toolchain/bin/../lib/gcc/avr/5.4.0/../../../../avr/lib/avr5\libc.a(strnlen_P.o)
 .text          0x00000000        0x0 c:/program files (x86)/atmel/studio/7.0/toolchain/avr8/avr8-gnu-toolchain/bin/../lib/gcc/avr/5.4.0/../../../../avr/lib/avr5\libc.a(strnlen.o)
 .data          0x00000000        0x0 c:/program files (x86)/atmel/studio/7.0/toolchain/avr8/avr8-gnu-toolchain/bin/../lib/gcc/avr/5.4.0/../../../../avr/lib/avr5\libc.a(strnlen.o)
 .bss           0x00000000        0x0 c:/program files (x86)/atmel/studio/7.0/toolchain/avr8/avr8-gnu-toolchain/bin/../lib/gcc/avr/5.4.0/../../../../avr/lib/avr5\libc.a(strnlen.o)
 .text          0x00000000        0x0 c:/program files (x86)/atmel/studio/7.0/toolchain/avr8/avr8-gnu-toolchain/bin/../lib/gcc/avr/5.4.0/../../../../avr/lib/avr5\libc.a(fputc.o)
 .data          0x00000000        0x0 c:/program files (x86)/atmel/studio/7.0/toolchain/avr8/avr8-gnu-toolchain/bin/../lib/gcc/avr/5.4.0/../../../../avr/lib/avr5\libc.a(fputc.o)
 .bss           0x00000000        0x0 c:/program files (x86)/atmel/studio/7.0/toolchain/avr8/avr8-gnu-toolchain/bin/../lib/gcc/avr/5.4.0/../../../../avr/lib/avr5\libc.a(fputc.o)
 .text          0x00000000        0x0 c:/program files (x86)/atmel/studio/7.0/toolchain/avr8/avr8-gnu-toolchain/bin/../lib/gcc/avr/5.4.0/../../../../avr/lib/avr5\libc.a(iob.o)
 .data          0x00000000        0x0 c:/program files (x86)/atmel/studio/7.0/toolchain/avr8/avr8-gnu-toolchain/bin/../lib/gcc/avr/5.4.0/../../../../avr/lib/avr5\libc.a(iob.o)
 .bss           0x00000000        0x0 c:/program files (x86)/atmel/studio/7.0/toolchain/avr8/avr8-gnu-toolchain/bin/../lib/gcc/avr/5.4.0/../../../../avr/lib/avr5\libc.a(iob.o)
 .text          0x00000000        0x0 c:/program files (x86)/atmel/studio/7.0/toolchain/avr8/avr8-gnu-toolchain/bin/../lib/gcc/avr/5.4.0/../../../../avr/lib/avr5\libc.a(ultoa_invert.o)
 .data          0x00000000        0x0 c:/program files (x86)/atmel/studio/7.0/toolchain/avr8/avr8-gnu-toolchain/bin/../lib/gcc/avr/5.4.0/../../../../avr/lib/avr5\libc.a(ultoa_invert.o)
 .bss           0x00000000        0x0 c:/program files (x86)/atmel/studio/7.0/toolchain/avr8/avr8-gnu-toolchain/bin/../lib/gcc/avr/5.4.0/../../../../avr/lib/avr5\libc.a(ultoa_invert.o)
 .text          0x00000000        0x0 c:/program files (x86)/atmel/studio/7.0/toolchain/avr8/avr8-gnu-toolchain/bin/../lib/gcc/avr/5.4.0/avr5\libgcc.a(_prologue.o)
 .data          0x00000000        0x0 c:/program files (x86)/atmel/studio/7.0/toolchain/avr8/avr8-gnu-toolchain/bin/../lib/gcc/avr/5.4.0/avr5\libgcc.a(_prologue.o)
 .bss           0x00000000        0x0 c:/program files (x86)/atmel/studio/7.0/toolchain/avr8/avr8-gnu-toolchain/bin/../lib/gcc/avr/5.4.0/avr5\libgcc.a(_prologue.o)
 .text.libgcc.mul
                0x00000000        0x0 c:/program files (x86)/atmel/studio/7.0/toolchain/avr8/avr8-gnu-toolchain/bin/../lib/gcc/avr/5.4.0/avr5\libgcc.a(_prologue.o)
 .text.libgcc.div
                0x00000000        0x0 c:/program files (x86)/atmel/studio/7.0/toolchain/avr8/avr8-gnu-toolchain/bin/../lib/gcc/avr/5.4.0/avr5\libgcc.a(_prologue.o)
 .text.libgcc   0x00000000        0x0 c:/program files (x86)/atmel/studio/7.0/toolchain/avr8/avr8-gnu-toolchain/bin/../lib/gcc/avr/5.4.0/avr5\libgcc.a(_prologue.o)
 .text.libgcc.builtins
                0x00000000        0x0 c:/program files (x86)/atmel/studio/7.0/toolchain/avr8/avr8-gnu-toolchain/bin/../lib/gcc/avr/5.4.0/avr5\libgcc.a(_prologue.o)
 .text.libgcc.fmul
                0x00000000        0x0 c:/program files (x86)/atmel/studio/7.0/toolchain/avr8/avr8-gnu-toolchain/bin/../lib/gcc/avr/5.4.0/avr5\libgcc.a(_prologue.o)
 .text.libgcc.fixed
                0x00000000        0x0 c:/program files (x86)/atmel/studio/7.0/toolchain/avr8/avr8-gnu-toolchain/bin/../lib/gcc/avr/5.4.0/avr5\libgcc.a(_prologue.o)
 .text          0x00000000        0x0 c:/program files (x86)/atmel/studio/7.0/toolchain/avr8/avr8-gnu-toolchain/bin/../lib/gcc/avr/5.4.0/avr5\libgcc.a(_epilogue.o)
 .data          0x00000000        0x0 c:/program files (x86)/atmel/studio/7.0/toolchain/avr8/avr8-gnu-toolchain/bin/../lib/gcc/avr/5.4.0/avr5\libgcc.a(_epilogue.o)
 .bss           0x00000000        0x0 c:/program files (x86)/atmel/studio/7.0/toolchain/avr8/avr8-gnu-toolchain/bin/../lib/gcc/avr/5.4.0/avr5\libgcc.a(_epilogue.o)
 .text.libgcc.mul
                0x00000000        0x0 c:/program files (x86)/atmel/studio/7.0/toolchain/avr8/avr8-gnu-toolchain/bin/../lib/gcc/avr/5.4.0/avr5\libgcc.a(_epilogue.o)
 .text.libgcc.div
                0x00000000        0x0 c:/program files (x86)/atmel/studio/7.0/toolchain/avr8/avr8-gnu-toolchain/bin/../lib/gcc/avr/5.4.0/avr5\libgcc.a(_epilogue.o)
 .text.libgcc   0x00000000        0x0 c:/program files (x86)/atmel/studio/7.0/toolchain/avr8/avr8-gnu-toolchain/bin/../lib/gcc/avr/5.4.0/avr5\libgcc.a(_epilogue.o)
 .text.libgcc.builtins
                0x00000000        0x0 c:/program files (x86)/atmel/studio/7.0/toolchain/avr8/avr8-gnu-toolchain/bin/../lib/gcc/avr/5.4.0/avr5\libgcc.a(_epilogue.o)
 .text.libgcc.fmul
                0x00000000        0x0 c:/program files (x86)/atmel/studio/7.0/toolchain/avr8/avr8-gnu-toolchain/bin/../lib/gcc/avr/5.4.0/avr5\libgcc.a(_epilogue.o)
 .text.libgcc.fixed
                0x00000000        0x0 c:/program files (x86)/atmel/studio/7.0/toolchain/avr8/avr8-gnu-toolchain/bin/../lib/gcc/avr/5.4.0/avr5\libgcc.a(_epilogue.o)

Memory Configuration

Name             Origin             Length             Attributes
text             0x00000000         0x00020000         xr
data             0x00800060         0x0000ffa0         rw !x
eeprom           0x00810000         0x00010000         rw !x
fuse             0x00820000         0x00000002         rw !x
lock             0x00830000         0x00000400         rw !x
signature        0x00840000         0x00000400         rw !x
user_signatures  0x00850000         0x00000400         rw !x
*default*        0x00000000         0xffffffff

Linker script and memory map

LOAD C:/Program Files (x86)/Atmel/Studio/7.0/Packs/atmel/ATmega_DFP/1.3.300/gcc/dev/atmega32/avr5/crtatmega32.o
LOAD HwAb/ComAb/ComAb.o
LOAD HwAb/IoHwAb/IoHwAb.o
LOAD HwAb/MemAb/MemAb.o
LOAD main.o
LOAD Mcal/Adc/Adc.o
LOAD Mcal/Dio/Dio.o
LOAD Mcal/Eeprom/Eeprom.o
LOAD Mcal/Fls/Fls.o
LOAD Mcal/Uart/Uart.o
LOAD Mcal/Wdg/Wdg.o
LOAD SWC/AppLoader/AppLoader.o
LOAD SWC/HealthMgr/HealthMgr.o
LOAD UnitTests/HwAb_ut/ComAb_ut/ComAb_ut.o
LOAD UnitTests/HwAb_ut/IoHwAb_ut/IoHwAb_ut.o
LOAD UnitTests/HwAb_ut/MemAb_ut/MemAb_ut.o
LOAD UnitTests/Mcal_ut/Adc_ut/Adc_ut.o
LOAD UnitTests/Mcal_ut/Dio_ut/Dio_ut.o
LOAD UnitTests/Mcal_ut/Eeprom_ut/Eeprom_ut.o
LOAD UnitTests/Mcal_ut/Fls_ut/Fls_ut.o
LOAD UnitTests/Mcal_ut/Uart_ut/Uart_ut.o
LOAD UnitTests/Mcal_ut/Wdg_ut/Wdg_ut.o
LOAD UnitTests/SWC_ut/AppLoader_ut/AppLoader_ut.o
LOAD UnitTests/SWC_ut/HealthMgr_ut/HealthMgr_ut.o
LOAD UnitTests/UT/UnitTest.o
START GROUP
LOAD c:/program files (x86)/atmel/studio/7.0/toolchain/avr8/avr8-gnu-toolchain/bin/../lib/gcc/avr/5.4.0/../../../../avr/lib/avr5\libm.a
END GROUP
START GROUP
LOAD c:/program files (x86)/atmel/studio/7.0/toolchain/avr8/avr8-gnu-toolchain/bin/../lib/gcc/avr/5.4.0/avr5\libgcc.a
LOAD c:/program files (x86)/atmel/studio/7.0/toolchain/avr8/avr8-gnu-toolchain/bin/../lib/gcc/avr/5.4.0/../../../../avr/lib/avr5\libm.a
LOAD c:/program files (x86)/atmel/studio/7.0/toolchain/avr8/avr8-gnu-toolchain/bin/../lib/gcc/avr/5.4.0/../../../../avr/lib/avr5\libc.a
LOAD C:/Program Files (x86)/Atmel/Studio/7.0/Packs/atmel/ATmega_DFP/1.3.300/gcc/dev/atmega32/avr5\libatmega32.a
END GROUP
                0x00000000                __TEXT_REGION_ORIGIN__ = DEFINED (__TEXT_REGION_ORIGIN__)?__TEXT_REGION_ORIGIN__:0x0
                0x00800060                __DATA_REGION_ORIGIN__ = DEFINED (__DATA_REGION_ORIGIN__)?__DATA_REGION_ORIGIN__:0x800060
                0x00020000                __TEXT_REGION_LENGTH__ = DEFINED (__TEXT_REGION_LENGTH__)?__TEXT_REGION_LENGTH__:0x20000
                0x0000ffa0                __DATA_REGION_LENGTH__ = DEFINED (__DATA_REGION_LENGTH__)?__DATA_REGION_LENGTH__:0xffa0
                0x00010000                __EEPROM_REGION_LENGTH__ = DEFINED (__EEPROM_REGION_LENGTH__)?__EEPROM_REGION_LENGTH__:0x10000
                [0x00000002]                __FUSE_REGION_LENGTH__ = DEFINED (__FUSE_REGION_LENGTH__)?__FUSE_REGION_LENGTH__:0x400
                0x00000400                __LOCK_REGION_LENGTH__ = DEFINED (__LOCK_REGION_LENGTH__)?__LOCK_REGION_LENGTH__:0x400
                0x00000400                __SIGNATURE_REGION_LENGTH__ = DEFINED (__SIGNATURE_REGION_LENGTH__)?__SIGNATURE_REGION_LENGTH__:0x400
                0x00000400                __USER_SIGNATURE_REGION_LENGTH__ = DEFINED (__USER_SIGNATURE_REGION_LENGTH__)?__USER_SIGNATURE_REGION_LENGTH__:0x400

.hash
 *(.hash)

.dynsym
 *(.dynsym)

.dynstr
 *(.dynstr)

.gnu.version
 *(.gnu.version)

.gnu.version_d
 *(.gnu.version_d)

.gnu.version_r
 *(.gnu.version_r)

.rel.init
 *(.rel.init)

.rela.init
 *(.rela.init)

.rel.text
 *(.rel.text)
 *(.rel.text.*)
 *(.rel.gnu.linkonce.t*)

.rela.text
 *(.rela.text)
 *(.rela.text.*)
 *(.rela.gnu.linkonce.t*)

.rel.fini
 *(.rel.fini)

.rela.fini
 *(.rela.fini)

.rel.rodata
 *(.rel.rodata)
 *(.rel.rodata.*)
 *(.rel.gnu.linkonce.r*)

.rela.rodata
 *(.rela.rodata)
 *(.rela.rodata.*)
 *(.rela.gnu.linkonce.r*)

.rel.data
 *(.rel.data)
 *(.rel.data.*)
 *(.rel.gnu.linkonce.d*)

.rela.data
 *(.rela.data)
 *(.rela.data.*)
 *(.rela.gnu.linkonce.d*)

.rel.ctors
 *(.rel.ctors)

.rela.ctors
 *(.rela.ctors)

.rel.dtors
 *(.rel.dtors)

.rela.dtors
 *(.rela.dtors)

.rel.got
 *(.rel.got)

.rela.got
 *(.rela.got)

.rel.bss
 *(.rel.bss)

.rela.bss
 *(.rela.bss)

.rel.plt
 *(.rel.plt)

.rela.plt
 *(.rela.plt)

.text           0x00000000      0x918
 *(.vectors)
 .vectors       0x00000000       0x54 C:/Program Files (x86)/Atmel/Studio/7.0/Packs/atmel/ATmega_DFP/1.3.300/gcc/dev/atmega32/avr5/crtatmega32.o
                0x00000000                __vector_default
                0x00000000                __vectors
 *(.vectors)
 *(.progmem.gcc*)
                0x00000054                . = ALIGN (0x2)
                0x00000054                __trampolines_start = .
 *(.trampolines)
 .trampolines   0x00000054        0x0 linker stubs
 *(.trampolines*)
                0x00000054                __trampolines_end = .
 *libprintf_flt.a:*(.progmem.data)
 *libc.a:*(.progmem.data)
 *(.progmem*)
                0x00000054                . = ALIGN (0x2)
 *(.jumptables)
 *(.jumptables*)
 *(.lowtext)
 *(.lowtext*)
                0x00000054                __ctors_start = .
 *(.ctors)
                0x00000054                __ctors_end = .
                0x00000054                __dtors_start = .
 *(.dtors)
                0x00000054                __dtors_end = .
 SORT(*)(.ctors)
 SORT(*)(.dtors)
 *(.init0)
 .init0         0x00000054        0x0 C:/Program Files (x86)/Atmel/Studio/7.0/Packs/atmel/ATmega_DFP/1.3.300/gcc/dev/atmega32/avr5/crtatmega32.o
                0x00000054                __init
 *(.init0)
 *(.init1)
 *(.init1)
 *(.init2)
 .init2         0x00000054        0xc C:/Program Files (x86)/Atmel/Studio/7.0/Packs/atmel/ATmega_DFP/1.3.300/gcc/dev/atmega32/avr5/crtatmega32.o
 *(.init2)
 *(.init3)
 *(.init3)
 *(.init4)
 .init4         0x00000060       0x16 c:/program files (x86)/atmel/studio/7.0/toolchain/avr8/avr8-gnu-toolchain/bin/../lib/gcc/avr/5.4.0/avr5\libgcc.a(_copy_data.o)
                0x00000060                __do_copy_data
 .init4         0x00000076       0x10 c:/program files (x86)/atmel/studio/7.0/toolchain/avr8/avr8-gnu-toolchain/bin/../lib/gcc/avr/5.4.0/avr5\libgcc.a(_clear_bss.o)
                0x00000076                __do_clear_bss
 *(.init4)
 *(.init5)
 *(.init5)
 *(.init6)
 *(.init6)
 *(.init7)
 *(.init7)
 *(.init8)
 *(.init8)
 *(.init9)
 .init9         0x00000086        0x8 C:/Program Files (x86)/Atmel/Studio/7.0/Packs/atmel/ATmega_DFP/1.3.300/gcc/dev/atmega32/avr5/crtatmega32.o
 *(.init9)
 *(.text)
 .text          0x0000008e        0x4 C:/Program Files (x86)/Atmel/Studio/7.0/Packs/atmel/ATmega_DFP/1.3.300/gcc/dev/atmega32/avr5/crtatmega32.o
                0x0000008e                __vector_1
                0x0000008e                __vector_12
                0x0000008e                __bad_interrupt
                0x0000008e                __vector_6
                0x0000008e                __vector_3
                0x0000008e                __vector_11
                0x0000008e                __vector_13
                0x0000008e                __vector_17
                0x0000008e                __vector_19
                0x0000008e                __vector_7
                0x0000008e                __vector_5
                0x0000008e                __vector_4
                0x0000008e                __vector_9
                0x0000008e                __vector_2
                0x0000008e                __vector_15
                0x0000008e                __vector_8
                0x0000008e                __vector_14
                0x0000008e                __vector_10
                0x0000008e                __vector_16
                0x0000008e                __vector_18
                0x0000008e                __vector_20
                0x00000092                . = ALIGN (0x2)
 *(.text.*)
 .text.main     0x00000092        0xa main.o
                0x00000092                main
 .text.Eeprom_WriteByte
                0x0000009c       0x1a Mcal/Eeprom/Eeprom.o
                0x0000009c                Eeprom_WriteByte
 .text.UT_Eeprom_RunAllTests
                0x000000b6      0x23c UnitTests/Mcal_ut/Eeprom_ut/Eeprom_ut.o
                0x000000b6                UT_Eeprom_RunAllTests
 .text.UT_RunAllTests
                0x000002f2        0x6 UnitTests/UT/UnitTest.o
                0x000002f2                UT_RunAllTests
 .text.avr-libc
                0x000002f8       0x2c c:/program files (x86)/atmel/studio/7.0/toolchain/avr8/avr8-gnu-toolchain/bin/../lib/gcc/avr/5.4.0/../../../../avr/lib/avr5\libc.a(printf.o)
                0x000002f8                printf
 .text.avr-libc
                0x00000324       0x60 c:/program files (x86)/atmel/studio/7.0/toolchain/avr8/avr8-gnu-toolchain/bin/../lib/gcc/avr/5.4.0/../../../../avr/lib/avr5\libc.a(puts.o)
                0x00000324                puts
 .text.avr-libc
                0x00000384      0x3c2 c:/program files (x86)/atmel/studio/7.0/toolchain/avr8/avr8-gnu-toolchain/bin/../lib/gcc/avr/5.4.0/../../../../avr/lib/avr5\libc.a(vfprintf_std.o)
                0x00000384                vfprintf
 .text.avr-libc
                0x00000746       0x16 c:/program files (x86)/atmel/studio/7.0/toolchain/avr8/avr8-gnu-toolchain/bin/../lib/gcc/avr/5.4.0/../../../../avr/lib/avr5\libc.a(strnlen_P.o)
                0x00000746                strnlen_P
 .text.avr-libc
                0x0000075c       0x16 c:/program files (x86)/atmel/studio/7.0/toolchain/avr8/avr8-gnu-toolchain/bin/../lib/gcc/avr/5.4.0/../../../../avr/lib/avr5\libc.a(strnlen.o)
                0x0000075c                strnlen
 .text.avr-libc
                0x00000772       0x78 c:/program files (x86)/atmel/studio/7.0/toolchain/avr8/avr8-gnu-toolchain/bin/../lib/gcc/avr/5.4.0/../../../../avr/lib/avr5\libc.a(fputc.o)
                0x00000772                fputc
 .text.avr-libc
                0x000007ea       0xbc c:/program files (x86)/atmel/studio/7.0/toolchain/avr8/avr8-gnu-toolchain/bin/../lib/gcc/avr/5.4.0/../../../../avr/lib/avr5\libc.a(ultoa_invert.o)
                0x000007ea                __ultoa_invert
 .text.libgcc.prologue
                0x000008a6       0x38 c:/program files (x86)/atmel/studio/7.0/toolchain/avr8/avr8-gnu-toolchain/bin/../lib/gcc/avr/5.4.0/avr5\libgcc.a(_prologue.o)
                0x000008a6                __prologue_saves__
 .text.libgcc.prologue
                0x000008de       0x36 c:/program files (x86)/atmel/studio/7.0/toolchain/avr8/avr8-gnu-toolchain/bin/../lib/gcc/avr/5.4.0/avr5\libgcc.a(_epilogue.o)
                0x000008de                __epilogue_restores__
                0x00000914                . = ALIGN (0x2)
 *(.fini9)
 .fini9         0x00000914        0x0 c:/program files (x86)/atmel/studio/7.0/toolchain/avr8/avr8-gnu-toolchain/bin/../lib/gcc/avr/5.4.0/avr5\libgcc.a(_exit.o)
                0x00000914                _exit
                0x00000914                exit
 *(.fini9)
 *(.fini8)
 *(.fini8)
 *(.fini7)
 *(.fini7)
 *(.fini6)
 *(.fini6)
 *(.fini5)
 *(.fini5)
 *(.fini4)
 *(.fini4)
 *(.fini3)
 *(.fini3)
 *(.fini2)
 *(.fini2)
 *(.fini1)
 *(.fini1)
 *(.fini0)
 .fini0         0x00000914        0x4 c:/program files (x86)/atmel/studio/7.0/toolchain/avr8/avr8-gnu-toolchain/bin/../lib/gcc/avr/5.4.0/avr5\libgcc.a(_exit.o)
 *(.fini0)
                0x00000918                _etext = .

.data           0x00800060      0x112 load address 0x00000918
                0x00800060                PROVIDE (__data_start, .)
 *(.data)
 *(.data*)
 *(.gnu.linkonce.d*)
 *(.rodata)
 *(.rodata*)
 .rodata.str1.1
                0x00800060      0x112 UnitTests/Mcal_ut/Eeprom_ut/Eeprom_ut.o
 *(.gnu.linkonce.r*)
                0x00800172                . = ALIGN (0x2)
                0x00800172                _edata = .
                0x00800172                PROVIDE (__data_end, .)

.bss            0x00800172        0xa
                0x00800172                PROVIDE (__bss_start, .)
 *(.bss)
 *(.bss*)
 .bss.Eeprom_EEDR
                0x00800172        0x1 Mcal/Eeprom/Eeprom.o
                0x00800172                Eeprom_EEDR
 .bss.Eeprom_EEAR
                0x00800173        0x2 Mcal/Eeprom/Eeprom.o
                0x00800173                Eeprom_EEAR
 .bss.Eeprom_EECR
                0x00800175        0x1 Mcal/Eeprom/Eeprom.o
                0x00800175                Eeprom_EECR
 *(COMMON)
 COMMON         0x00800176        0x6 c:/program files (x86)/atmel/studio/7.0/toolchain/avr8/avr8-gnu-toolchain/bin/../lib/gcc/avr/5.4.0/../../../../avr/lib/avr5\libc.a(iob.o)
                0x00800176                __iob
                0x0080017c                PROVIDE (__bss_end, .)
                0x00000918                __data_load_start = LOADADDR (.data)
                0x00000a2a                __data_load_end = (__data_load_start + SIZEOF (.data))

.noinit         0x0080017c        0x0
                [!provide]                PROVIDE (__noinit_start, .)
 *(.noinit*)
                [!provide]                PROVIDE (__noinit_end, .)
                0x0080017c                _end = .
                [!provide]                PROVIDE (__heap_start, .)

.eeprom         0x00810000        0x0
 *(.eeprom*)
                0x00810000                __eeprom_end = .

.fuse
 *(.fuse)
 *(.lfuse)
 *(.hfuse)
 *(.efuse)

.lock
 *(.lock*)

.signature
 *(.signature*)

.user_signatures
 *(.user_signatures*)

.stab
 *(.stab)

.stabstr
 *(.stabstr)

.stab.excl
 *(.stab.excl)

.stab.exclstr
 *(.stab.exclstr)

.stab.index
 *(.stab.index)

.stab.indexstr
 *(.stab.indexstr)

.comment        0x00000000       0x5c
 *(.comment)
 .comment       0x00000000       0x30 main.o
                                 0x31 (size before relaxing)
 .comment       0x00000030       0x31 Mcal/Eeprom/Eeprom.o
 .comment       0x00000030       0x31 UnitTests/Mcal_ut/Eeprom_ut/Eeprom_ut.o
 .comment       0x00000030       0x31 UnitTests/UT/UnitTest.o
 .comment       0x00000030       0x31 c:/program files (x86)/atmel/studio/7.0/toolchain/avr8/avr8-gnu-toolchain/bin/../lib/gcc/avr/5.4.0/../../../../avr/lib/avr5\libc.a(printf.o)
 .comment       0x00000030       0x31 c:/program files (x86)/atmel/studio/7.0/toolchain/avr8/avr8-gnu-toolchain/bin/../lib/gcc/avr/5.4.0/../../../../avr/lib/avr5\libc.a(puts.o)
 .comment       0x00000030       0x2c c:/program files (x86)/atmel/studio/7.0/toolchain/avr8/avr8-gnu-toolchain/bin/../lib/gcc/avr/5.4.0/../../../../avr/lib/avr5\libc.a(vfprintf_std.o)
                                 0x2d (size before relaxing)
 .comment       0x0000005c       0x31 c:/program files (x86)/atmel/studio/7.0/toolchain/avr8/avr8-gnu-toolchain/bin/../lib/gcc/avr/5.4.0/../../../../avr/lib/avr5\libc.a(fputc.o)
 .comment       0x0000005c       0x31 c:/program files (x86)/atmel/studio/7.0/toolchain/avr8/avr8-gnu-toolchain/bin/../lib/gcc/avr/5.4.0/../../../../avr/lib/avr5\libc.a(iob.o)

.note.gnu.avr.deviceinfo
                0x00000000       0x3c
 .note.gnu.avr.deviceinfo
                0x00000000       0x3c C:/Program Files (x86)/Atmel/Studio/7.0/Packs/atmel/ATmega_DFP/1.3.300/gcc/dev/atmega32/avr5/crtatmega32.o

.note.gnu.build-id
 *(.note.gnu.build-id)

.debug
 *(.debug)

.line
 *(.line)

.debug_srcinfo
 *(.debug_srcinfo)

.debug_sfnames
 *(.debug_sfnames)

.debug_aranges  0x00000000       0x98
 *(.debug_aranges)
 .debug_aranges
                0x00000000       0x20 main.o
 .debug_aranges
                0x00000020       0x38 Mcal/Eeprom/Eeprom.o
 .debug_aranges
                0x00000058       0x20 UnitTests/Mcal_ut/Eeprom_ut/Eeprom_ut.o
 .debug_aranges
                0x00000078       0x20 UnitTests/UT/UnitTest.o

.debug_pubnames
 *(.debug_pubnames)

.debug_info     0x00000000      0x9b7
 *(.debug_info .gnu.linkonce.wi.*)
 .debug_info    0x00000000      0x4e6 C:/Program Files (x86)/Atmel/Studio/7.0/Packs/atmel/ATmega_DFP/1.3.300/gcc/dev/atmega32/avr5/crtatmega32.o
 .debug_info    0x000004e6       0xba main.o
 .debug_info    0x000005a0      0x26f Mcal/Eeprom/Eeprom.o
 .debug_info    0x0000080f       0xf3 UnitTests/Mcal_ut/Eeprom_ut/Eeprom_ut.o
 .debug_info    0x00000902       0xb5 UnitTests/UT/UnitTest.o

.debug_abbrev   0x00000000      0x6b2
 *(.debug_abbrev)
 .debug_abbrev  0x00000000      0x4a3 C:/Program Files (x86)/Atmel/Studio/7.0/Packs/atmel/ATmega_DFP/1.3.300/gcc/dev/atmega32/avr5/crtatmega32.o
 .debug_abbrev  0x000004a3       0x65 main.o
 .debug_abbrev  0x00000508       0xcb Mcal/Eeprom/Eeprom.o
 .debug_abbrev  0x000005d3       0x7e UnitTests/Mcal_ut/Eeprom_ut/Eeprom_ut.o
 .debug_abbrev  0x00000651       0x61 UnitTests/UT/UnitTest.o

.debug_line     0x00000000      0x3db
 *(.debug_line .debug_line.* .debug_line_end)
 .debug_line    0x00000000      0x115 C:/Program Files (x86)/Atmel/Studio/7.0/Packs/atmel/ATmega_DFP/1.3.300/gcc/dev/atmega32/avr5/crtatmega32.o
 .debug_line    0x00000115       0x63 main.o
 .debug_line    0x00000178      0x14c Mcal/Eeprom/Eeprom.o
 .debug_line    0x000002c4       0x9b UnitTests/Mcal_ut/Eeprom_ut/Eeprom_ut.o
 .debug_line    0x0000035f       0x7c UnitTests/UT/UnitTest.o

.debug_frame    0x00000000      0x210
 *(.debug_frame)
 .debug_frame   0x00000000       0x24 main.o
 .debug_frame   0x00000024       0x94 Mcal/Eeprom/Eeprom.o
 .debug_frame   0x000000b8      0x134 UnitTests/Mcal_ut/Eeprom_ut/Eeprom_ut.o
 .debug_frame   0x000001ec       0x24 UnitTests/UT/UnitTest.o

.debug_str      0x00000000      0x49a
 *(.debug_str)
 .debug_str     0x00000000      0x196 C:/Program Files (x86)/Atmel/Studio/7.0/Packs/atmel/ATmega_DFP/1.3.300/gcc/dev/atmega32/avr5/crtatmega32.o
 .debug_str     0x00000196      0x173 main.o
                                0x1ac (size before relaxing)
 .debug_str     0x00000309      0x126 Mcal/Eeprom/Eeprom.o
                                0x2a0 (size before relaxing)
 .debug_str     0x0000042f       0x50 UnitTests/Mcal_ut/Eeprom_ut/Eeprom_ut.o
                                0x20d (size before relaxing)
 .debug_str     0x0000047f       0x1b UnitTests/UT/UnitTest.o
                                0x1cc (size before relaxing)

.debug_loc      0x00000000      0x82f
 *(.debug_loc)
 .debug_loc     0x00000000      0x388 Mcal/Eeprom/Eeprom.o
 .debug_loc     0x00000388      0x4a7 UnitTests/Mcal_ut/Eeprom_ut/Eeprom_ut.o

.debug_macinfo
 *(.debug_macinfo)

.debug_weaknames
 *(.debug_weaknames)

.debug_funcnames
 *(.debug_funcnames)

.debug_typenames
 *(.debug_typenames)

.debug_varnames
 *(.debug_varnames)

.debug_pubtypes
 *(.debug_pubtypes)

.debug_ranges   0x00000000       0x98
 *(.debug_ranges)
 .debug_ranges  0x00000000       0x10 main.o
 .debug_ranges  0x00000010       0x68 Mcal/Eeprom/Eeprom.o
 .debug_ranges  0x00000078       0x10 UnitTests/Mcal_ut/Eeprom_ut/Eeprom_ut.o
 .debug_ranges  0x00000088       0x10 UnitTests/UT/UnitTest.o

.debug_macro
 *(.debug_macro)
OUTPUT(Bootloader.elf elf32-avr)
LOAD linker stubs
